>>> BaseGeometry = __import__('7-base_geometry').BaseGeometry
>>> bg = BaseGeometry()
>>> bg.integer_validator("my_int", 12)
>>> bg.integer_validator("width", 89)

>>> bg.integer_validator("name", "John")
Traceback (most recent call last):
TypeError: name must be an integer

>>> bg.integer_validator("age", 0)
Traceback (most recent call last):
ValueError: age must be greater than 0

>>> bg.integer_validator("distance", -4)
Traceback (most recent call last):
ValueError: distance must be greater than 0

>>> bg.integer_validator("age", 4.59834)
Traceback (most recent call last):
TypeError: age must be an integer

>>> bg.integer_validator("age", (1,2,3,4))
Traceback (most recent call last):
TypeError: age must be an integer

>>> bg.integer_validator()
Traceback (most recent call last):
TypeError: integer_validator() missing 2 required positional arguments: 'name' and 'value'

>>> bg.integer_validator("abc", [34])
Traceback (most recent call last):
TypeError: abc must be an integer

>>> bg.integer_validator("abc")
Traceback (most recent call last):
TypeError: integer_validator() missing 1 required positional argument: 'value'

>>> bg.integer_validator("abc", 9283749827389761298736182746283746827364)

>>> bg.integer_validator("age", True)
Traceback (most recent call last):
TypeError: age must be an integer

>>> bg.integer_validator("age", {3, 4})
Traceback (most recent call last):
TypeError: age must be an integer

>>> bg.integer_validator("age", None)
Traceback (most recent call last):
TypeError: age must be an integer

>>> bg.area()
Traceback (most recent call last):
Exception: area() is not implemented
