>>> text_indentation = __import__('5-text_indentation').text_indentation
>>> text_indentation("Simple sentences? Like, hi I am Lisa: I like coffee! And music")
Simple sentences?

Like, hi I am Lisa:

I like coffee! And music

>>> text_indentation(9118723)
Traceback (most recent call last):
TypeError: text must be a string

>>> text_indentation("         Simple sentences? Like, hi I am Lisa: I like coffee            ")
Simple sentences?

Like, hi I am Lisa:

I like coffee

>>> text_indentation("I like coffee.              And things:        So?     Ok")
I like coffee.

And things:

So?

Ok

>>> text_indentation("I like coffee.")

